main.c:63:6:led_test_1	8	static
main.c:66:6:led_test_2	8	static
main.c:69:6:led_test_3	8	static
main.c:72:6:led_test_4	8	static
main.c:75:6:led_test_5	8	static
main.c:78:6:HAL_UART_RxCpltCallback	16	static
main.c:90:5:main	8	static
main.c:146:6:SystemClock_Config	72	static
main.c:182:13:MX_TIM2_Init	32	static
main.c:227:13:MX_USART2_UART_Init	8	static
main.c:260:13:MX_GPIO_Init	32	static
main.c:283:6:HAL_TIM_PeriodElapsedCallback	16	static
main.c:293:6:Error_Handler	4	static,ignoring_inline_asm
